Using CPython 3.12.12 interpreter at: /home/jules/.pyenv/versions/3.12.12/bin/python3.12
Creating virtual environment at: .venv
   Building egregora @ file:///app
Downloading pygments (1.2MiB)
Downloading babel (9.7MiB)
Downloading ruff (13.4MiB)
Downloading pillow (6.3MiB)
Downloading tokenizers (3.1MiB)
Downloading scipy (34.0MiB)
Downloading pandas (11.8MiB)
Downloading lancedb (37.4MiB)
Downloading cryptography (4.3MiB)
Downloading fastavro (3.3MiB)
Downloading mkdocs (3.7MiB)
Downloading beartype (1.3MiB)
Downloading pydantic-core (2.0MiB)
Downloading virtualenv (5.7MiB)
Downloading numpy (17.1MiB)
Downloading tiktoken (1.1MiB)
Downloading duckdb (17.6MiB)
Downloading mkdocs-material (8.9MiB)
Downloading aiohttp (1.7MiB)
Downloading deptry (1.8MiB)
Downloading ibis-framework (1.7MiB)
Downloading scikit-learn (9.0MiB)
Downloading hf-xet (3.2MiB)
Downloading pyarrow (38.9MiB)
Downloading temporalio (12.8MiB)
Downloading botocore (13.8MiB)
 Downloading tiktoken
 Downloading pygments
 Downloading beartype
 Downloading deptry
 Downloading aiohttp
 Downloading pydantic-core
   Building ratelimit==2.2.1
 Downloading tokenizers
 Downloading hf-xet
 Downloading fastavro
 Downloading mkdocs
 Downloading cryptography
      Built egregora @ file:///app
 Downloading virtualenv
 Downloading pillow
      Built ratelimit==2.2.1
 Downloading scikit-learn
 Downloading babel
 Downloading ibis-framework
 Downloading ruff
 Downloading botocore
 Downloading temporalio
 Downloading numpy
 Downloading duckdb
 Downloading pandas
 Downloading lancedb
 Downloading scipy
 Downloading pyarrow
 Downloading mkdocs-material
Installed 212 packages in 870ms
============================= test session starts ==============================
platform linux -- Python 3.12.12, pytest-9.0.1, pluggy-1.6.0
rootdir: /app
configfile: pytest.ini (WARNING: ignoring pytest config in pyproject.toml!)
plugins: logfire-4.15.1
collected 276 items / 1 error

==================================== ERRORS ====================================
___________ ERROR collecting tests/unit/rag/test_embedding_router.py ___________
ImportError while importing test module '/app/tests/unit/rag/test_embedding_router.py'.
Hint: make sure your test modules/packages have valid Python names.
Traceback:
/home/jules/.pyenv/versions/3.12.12/lib/python3.12/importlib/__init__.py:90: in import_module
    return _bootstrap._gcd_import(name[level:], package, level)
           ^^^^^^^^^^^^^^^^^^^^^^^^^^^^^^^^^^^^^^^^^^^^^^^^^^^^
tests/unit/rag/test_embedding_router.py:15: in <module>
    import respx
E   ModuleNotFoundError: No module named 'respx'
=============================== warnings summary ===============================
tests/e2e/pipeline/test_write_pipeline_e2e.py:10
  /app/tests/e2e/pipeline/test_write_pipeline_e2e.py:10: PytestUnknownMarkWarning: Unknown pytest.mark.e2e - is this a typo?  You can register custom marks to avoid this warning - for details, see https://docs.pytest.org/en/stable/how-to/mark.html
    @pytest.mark.e2e

tests/e2e/pipeline/test_write_pipeline_e2e.py:80
  /app/tests/e2e/pipeline/test_write_pipeline_e2e.py:80: PytestUnknownMarkWarning: Unknown pytest.mark.e2e - is this a typo?  You can register custom marks to avoid this warning - for details, see https://docs.pytest.org/en/stable/how-to/mark.html
    @pytest.mark.e2e

tests/e2e/pipeline/test_write_pipeline_e2e.py:120
  /app/tests/e2e/pipeline/test_write_pipeline_e2e.py:120: PytestUnknownMarkWarning: Unknown pytest.mark.e2e - is this a typo?  You can register custom marks to avoid this warning - for details, see https://docs.pytest.org/en/stable/how-to/mark.html
    @pytest.mark.e2e

tests/e2e/pipeline/test_write_pipeline_e2e.py:173
  /app/tests/e2e/pipeline/test_write_pipeline_e2e.py:173: PytestUnknownMarkWarning: Unknown pytest.mark.e2e - is this a typo?  You can register custom marks to avoid this warning - for details, see https://docs.pytest.org/en/stable/how-to/mark.html
    @pytest.mark.e2e

tests/e2e/pipeline/test_write_pipeline_e2e.py:198
  /app/tests/e2e/pipeline/test_write_pipeline_e2e.py:198: PytestUnknownMarkWarning: Unknown pytest.mark.e2e - is this a typo?  You can register custom marks to avoid this warning - for details, see https://docs.pytest.org/en/stable/how-to/mark.html
    @pytest.mark.e2e

tests/e2e/pipeline/test_write_pipeline_e2e.py:215
  /app/tests/e2e/pipeline/test_write_pipeline_e2e.py:215: PytestUnknownMarkWarning: Unknown pytest.mark.e2e - is this a typo?  You can register custom marks to avoid this warning - for details, see https://docs.pytest.org/en/stable/how-to/mark.html
    @pytest.mark.e2e

tests/e2e/pipeline/test_write_pipeline_e2e.py:232
  /app/tests/e2e/pipeline/test_write_pipeline_e2e.py:232: PytestUnknownMarkWarning: Unknown pytest.mark.e2e - is this a typo?  You can register custom marks to avoid this warning - for details, see https://docs.pytest.org/en/stable/how-to/mark.html
    @pytest.mark.e2e

tests/e2e/pipeline/test_write_pipeline_e2e.py:233
  /app/tests/e2e/pipeline/test_write_pipeline_e2e.py:233: PytestUnknownMarkWarning: Unknown pytest.mark.benchmark - is this a typo?  You can register custom marks to avoid this warning - for details, see https://docs.pytest.org/en/stable/how-to/mark.html
    @pytest.mark.benchmark

-- Docs: https://docs.pytest.org/en/stable/how-to/capture-warnings.html
=========================== short test summary info ============================
ERROR tests/unit/rag/test_embedding_router.py
!!!!!!!!!!!!!!!!!!!! Interrupted: 1 error during collection !!!!!!!!!!!!!!!!!!!!
========================= 8 warnings, 1 error in 6.51s =========================
