# serializer version: 1
# name: test_feed_xml_snapshot_regression
  '''
  <?xml version='1.0' encoding='UTF-8'?>
  <feed xmlns="http://www.w3.org/2005/Atom" xmlns:thr="http://purl.org/syndication/thread/1.0">
    <id>test-feed-id</id>
    <title>Test Feed</title>
    <updated>2025-12-06T10:00:00Z</updated>






    <entry>
      <id>deterministic-post</id>
      <title>Deterministic Post</title>
      <updated>2025-12-06T10:00:00Z</updated>






      <author>
        <name>Test Author</name>
      </author>



      <content type="html">Deterministic content</content>



      <category scheme="https://egregora.app/schema#doc_type" term="post" />
      <category scheme="https://egregora.app/schema#status" term="draft" />

    </entry>

  </feed>
  '''
# ---
